// Vitest Snapshot v1, https://vitest.dev/guide/snapshot.html

exports[`The UndergradDegreeSchema zod schema > matches the snapshot 1`] = `
ZodEnum {
  "_def": {
    "typeName": "ZodEnum",
    "values": [
      "AA (Associate of Arts)",
      "AS (Associate of Science)",
      "BA (Bachelor of Arts)",
      "BS (Bachelor of Science)",
      "BFA (Bachelor of Fine Arts)",
      "BM (Bachelor of Music)",
      "BME (Bachelor of Music Education)",
      "BSD (Bachelor of Science in Design)",
    ],
  },
  "and": [Function],
  "array": [Function],
  "brand": [Function],
  "catch": [Function],
  "default": [Function],
  "describe": [Function],
  "isNullable": [Function],
  "isOptional": [Function],
  "nullable": [Function],
  "nullish": [Function],
  "optional": [Function],
  "or": [Function],
  "parse": [Function],
  "parseAsync": [Function],
  "pipe": [Function],
  "promise": [Function],
  "readonly": [Function],
  "refine": [Function],
  "refinement": [Function],
  "safeParse": [Function],
  "safeParseAsync": [Function],
  "spa": [Function],
  "superRefine": [Function],
  "transform": [Function],
}
`;

exports[`The UndergradDegreeTuple constant > matches the snapshot 1`] = `
[
  "AA (Associate of Arts)",
  "AS (Associate of Science)",
  "BA (Bachelor of Arts)",
  "BS (Bachelor of Science)",
  "BFA (Bachelor of Fine Arts)",
  "BM (Bachelor of Music)",
  "BME (Bachelor of Music Education)",
  "BSD (Bachelor of Science in Design)",
]
`;
